the.assignment.took.me.longer.than.i.expected
I finished the homework in longer than I expected
我用了比我预期更长的时间完成了作业
Wǒ yòngle bǐ wǒ yùqí gèng zhǎng de shíjiān wánchéngle zuòyè
00:21:29 - 00:21:45
