
Hǎi hún hé xúnyǎng yuán jiāoliú de bǐ wǒmen suǒ qīwàng de hǎo de duō

海魂和驯养员交流的比我们所期望的好的多

00:05:13 - 00:05:35   
 